Device: cuda  (NVIDIA GeForce RTX 2060 with Max-Q Design)
Data: fold 2 — 28439 train, 7110 val, 234 classes
Model: tf_efficientnetv2_s.in21k_ft_in1k  params=20,640,907
  Loss: BCEWithLogitsLoss

============================================================
Training: effv2s_focal_fold2
============================================================

/home/gokhuu/miniconda3/envs/birdclef/lib/python3.11/site-packages/torch/optim/lr_scheduler.py:198: UserWarning: The epoch parameter in `scheduler.step()` was not necessary and is being deprecated where possible. Please use `scheduler.step()` to step the scheduler. During the deprecation, if epoch is different from None, the closed form is used instead of the new chainable form, where available. Please open an issue if you are unable to replicate your use case: https://github.com/pytorch/pytorch/issues/new/choose.
  warnings.warn(EPOCH_DEPRECATION_WARNING, UserWarning)
  Epoch  1/20: train_loss=0.2193  val_loss=0.0340  val_auc=0.5066  lr=3.00e-04  (184s) ★ BEST
  Epoch  2/20: train_loss=0.0303  val_loss=0.0257  val_auc=0.7544  lr=2.98e-04  (189s) ★ BEST
  Epoch  3/20: train_loss=0.0249  val_loss=0.0199  val_auc=0.8737  lr=2.92e-04  (181s) ★ BEST
  Epoch  4/20: train_loss=0.0212  val_loss=0.0170  val_auc=0.9157  lr=2.82e-04  (170s) ★ BEST
  Epoch  5/20: train_loss=0.0191  val_loss=0.0158  val_auc=0.9247  lr=2.68e-04  (170s) ★ BEST
  Epoch  6/20: train_loss=0.0177  val_loss=0.0149  val_auc=0.9307  lr=2.52e-04  (170s) ★ BEST
  Epoch  7/20: train_loss=0.0167  val_loss=0.0141  val_auc=0.9365  lr=2.32e-04  (170s) ★ BEST
  Epoch  8/20: train_loss=0.0157  val_loss=0.0137  val_auc=0.9427  lr=2.10e-04  (170s) ★ BEST
  Epoch  9/20: train_loss=0.0148  val_loss=0.0132  val_auc=0.9450  lr=1.87e-04  (171s) ★ BEST
  Epoch 10/20: train_loss=0.0140  val_loss=0.0127  val_auc=0.9496  lr=1.62e-04  (170s) ★ BEST
  Epoch 11/20: train_loss=0.0134  val_loss=0.0125  val_auc=0.9473  lr=1.38e-04  (171s)
  Epoch 12/20: train_loss=0.0128  val_loss=0.0124  val_auc=0.9480  lr=1.13e-04  (171s)
  Epoch 13/20: train_loss=0.0123  val_loss=0.0120  val_auc=0.9522  lr=8.98e-05  (171s) ★ BEST
  Epoch 14/20: train_loss=0.0118  val_loss=0.0121  val_auc=0.9544  lr=6.80e-05  (171s) ★ BEST
  Epoch 15/20: train_loss=0.0112  val_loss=0.0120  val_auc=0.9557  lr=4.85e-05  (171s) ★ BEST
  Epoch 16/20: train_loss=0.0108  val_loss=0.0119  val_auc=0.9551  lr=3.17e-05  (171s)
  Epoch 17/20: train_loss=0.0105  val_loss=0.0119  val_auc=0.9560  lr=1.82e-05  (171s) ★ BEST
  Epoch 18/20: train_loss=0.0102  val_loss=0.0118  val_auc=0.9563  lr=8.22e-06  (171s) ★ BEST
  Epoch 19/20: train_loss=0.0101  val_loss=0.0118  val_auc=0.9569  lr=2.15e-06  (171s) ★ BEST
  Epoch 20/20: train_loss=0.0099  val_loss=0.0118  val_auc=0.9574  lr=1.00e-07  (171s) ★ BEST

============================================================
Done: effv2s_focal_fold2
Best epoch: 20  |  Best validation AUC: 0.9574
Outputs saved to: experiments/effv2s_focal_fold2
============================================================
