Warning: You are sending unauthenticated requests to the HF Hub. Please set a HF_TOKEN to enable higher rate limits and faster downloads.
Device: cuda  (NVIDIA GeForce RTX 2060 with Max-Q Design)
Data: fold 3 — 28445 train, 7104 val, 234 classes
Model: tf_efficientnetv2_s.in21k_ft_in1k  params=20,640,907
  Loss: BCEWithLogitsLoss

============================================================
Training: effv2s_focal_fold3
============================================================

/home/gokhuu/miniconda3/envs/birdclef/lib/python3.11/site-packages/torch/optim/lr_scheduler.py:198: UserWarning: The epoch parameter in `scheduler.step()` was not necessary and is being deprecated where possible. Please use `scheduler.step()` to step the scheduler. During the deprecation, if epoch is different from None, the closed form is used instead of the new chainable form, where available. Please open an issue if you are unable to replicate your use case: https://github.com/pytorch/pytorch/issues/new/choose.
  warnings.warn(EPOCH_DEPRECATION_WARNING, UserWarning)
  Epoch  1/20: train_loss=0.2216  val_loss=0.0341  val_auc=0.5082  lr=3.00e-04  (171s) ★ BEST
  Epoch  2/20: train_loss=0.0303  val_loss=0.0261  val_auc=0.7505  lr=2.98e-04  (171s) ★ BEST
  Epoch  3/20: train_loss=0.0252  val_loss=0.0198  val_auc=0.8831  lr=2.92e-04  (171s) ★ BEST
  Epoch  4/20: train_loss=0.0212  val_loss=0.0172  val_auc=0.9130  lr=2.82e-04  (171s) ★ BEST
  Epoch  5/20: train_loss=0.0191  val_loss=0.0156  val_auc=0.9311  lr=2.68e-04  (171s) ★ BEST
  Epoch  6/20: train_loss=0.0178  val_loss=0.0148  val_auc=0.9369  lr=2.52e-04  (171s) ★ BEST
  Epoch  7/20: train_loss=0.0167  val_loss=0.0141  val_auc=0.9445  lr=2.32e-04  (171s) ★ BEST
  Epoch  8/20: train_loss=0.0156  val_loss=0.0135  val_auc=0.9501  lr=2.10e-04  (171s) ★ BEST
  Epoch  9/20: train_loss=0.0149  val_loss=0.0130  val_auc=0.9521  lr=1.87e-04  (171s) ★ BEST
  Epoch 10/20: train_loss=0.0141  val_loss=0.0129  val_auc=0.9509  lr=1.62e-04  (171s)
  Epoch 11/20: train_loss=0.0134  val_loss=0.0126  val_auc=0.9522  lr=1.38e-04  (170s) ★ BEST
  Epoch 12/20: train_loss=0.0128  val_loss=0.0123  val_auc=0.9554  lr=1.13e-04  (171s) ★ BEST
  Epoch 13/20: train_loss=0.0122  val_loss=0.0121  val_auc=0.9568  lr=8.98e-05  (172s) ★ BEST
  Epoch 14/20: train_loss=0.0116  val_loss=0.0121  val_auc=0.9556  lr=6.80e-05  (172s)
  Epoch 15/20: train_loss=0.0112  val_loss=0.0120  val_auc=0.9571  lr=4.85e-05  (172s) ★ BEST
  Epoch 16/20: train_loss=0.0108  val_loss=0.0120  val_auc=0.9575  lr=3.17e-05  (172s) ★ BEST
  Epoch 17/20: train_loss=0.0104  val_loss=0.0121  val_auc=0.9573  lr=1.82e-05  (172s)
  Epoch 18/20: train_loss=0.0103  val_loss=0.0120  val_auc=0.9566  lr=8.22e-06  (173s)
  Epoch 19/20: train_loss=0.0101  val_loss=0.0120  val_auc=0.9566  lr=2.15e-06  (173s)
  Epoch 20/20: train_loss=0.0100  val_loss=0.0120  val_auc=0.9568  lr=1.00e-07  (173s)

============================================================
Done: effv2s_focal_fold3
Best epoch: 16  |  Best validation AUC: 0.9575
Outputs saved to: experiments/effv2s_focal_fold3
============================================================
