Device: cuda  (NVIDIA GeForce RTX 2060 with Max-Q Design)
  focal train: 28445  | soundscape train: 566
  focal val:   7104    | soundscape val:   173
  mixed epoch length: 28445  ratios=[0.7, 0.3]
Data: fold 3  classes=234
  ✓ Loaded experiments/effv2s_focal_fold3/best_model.pt
    786 tensors, 20,640,907 parameters, strict=True
  Loss: BCEWithLogitsLoss

================================================================
Fine-tune: effv2s_finetune_fold3
================================================================

/home/gokhuu/miniconda3/envs/birdclef/lib/python3.11/site-packages/torch/optim/lr_scheduler.py:198: UserWarning: The epoch parameter in `scheduler.step()` was not necessary and is being deprecated where possible. Please use `scheduler.step()` to step the scheduler. During the deprecation, if epoch is different from None, the closed form is used instead of the new chainable form, where available. Please open an issue if you are unable to replicate your use case: https://github.com/pytorch/pytorch/issues/new/choose.
  warnings.warn(EPOCH_DEPRECATION_WARNING, UserWarning)
  Epoch  1/10: train=0.0478  focal_auc=0.9571  sc_auc=0.7151  comb_auc=0.9515  lr=5.00e-05  (179s) ★ BEST
  Epoch  2/10: train=0.0154  focal_auc=0.9553  sc_auc=0.9184  comb_auc=0.9588  lr=4.85e-05  (178s) ★ BEST
  Epoch  3/10: train=0.0093  focal_auc=0.9559  sc_auc=0.9100  comb_auc=0.9591  lr=4.42e-05  (178s) ★ BEST
  Epoch  4/10: train=0.0083  focal_auc=0.9551  sc_auc=0.9123  comb_auc=0.9575  lr=3.75e-05  (178s)
  Epoch  5/10: train=0.0080  focal_auc=0.9556  sc_auc=0.8949  comb_auc=0.9580  lr=2.94e-05  (179s)
  Epoch  6/10: train=0.0076  focal_auc=0.9554  sc_auc=0.8948  comb_auc=0.9574  lr=2.07e-05  (178s)
  Epoch  7/10: train=0.0073  focal_auc=0.9551  sc_auc=0.8893  comb_auc=0.9565  lr=1.26e-05  (178s)
  Epoch  8/10: train=0.0073  focal_auc=0.9550  sc_auc=0.8939  comb_auc=0.9573  lr=5.94e-06  (178s)
  Epoch  9/10: train=0.0073  focal_auc=0.9542  sc_auc=0.8927  comb_auc=0.9555  lr=1.60e-06  (179s)
  Epoch 10/10: train=0.0072  focal_auc=0.9545  sc_auc=0.8955  comb_auc=0.9561  lr=1.00e-07  (179s)

================================================================
Done: effv2s_finetune_fold3
Best epoch: 3  |  best combined val AUC: 0.9591
Outputs: experiments/effv2s_finetune_fold3
================================================================
