/home/gokhuu/miniconda3/envs/birdclef/lib/python3.11/site-packages/timm/models/_factory.py:138: UserWarning: Mapping deprecated model name tf_efficientnet_b0_ns to current tf_efficientnet_b0.ns_jft_in1k.
  model = create_fn(
Seed: 2024
Device: cuda  (NVIDIA GeForce RTX 2060 with Max-Q Design)
  focal train: 28435  | soundscape train: 593
  pseudo train: 64316
  focal val:   7114    | soundscape val:   146
  mixed epoch length: 28435  ratios=[0.595, 0.255, 0.15]
Data: fold 1  classes=234
  ✓ Loaded experiments/sed_b0_fold1/best_model.pt
    364 tensors, 4,470,823 parameters, strict=True
  Loss: BCEWithLogitsLoss

================================================================
Fine-tune: sed_finetune_pseudo_v2_seed2024_fold1
================================================================

/home/gokhuu/miniconda3/envs/birdclef/lib/python3.11/site-packages/torch/optim/lr_scheduler.py:198: UserWarning: The epoch parameter in `scheduler.step()` was not necessary and is being deprecated where possible. Please use `scheduler.step()` to step the scheduler. During the deprecation, if epoch is different from None, the closed form is used instead of the new chainable form, where available. Please open an issue if you are unable to replicate your use case: https://github.com/pytorch/pytorch/issues/new/choose.
  warnings.warn(EPOCH_DEPRECATION_WARNING, UserWarning)
  Epoch  1/12: train=0.0587  focal_auc=0.9547  sc_auc=0.7864  comb_auc=0.9502  lr=1.00e-04  (91s) ★ BEST
  Epoch  2/12: train=0.0195  focal_auc=0.9527  sc_auc=0.9113  comb_auc=0.9544  lr=9.80e-05  (90s) ★ BEST
  Epoch  3/12: train=0.0122  focal_auc=0.9545  sc_auc=0.9303  comb_auc=0.9566  lr=9.21e-05  (90s) ★ BEST
  Epoch  4/12: train=0.0108  focal_auc=0.9538  sc_auc=0.9396  comb_auc=0.9561  lr=8.28e-05  (91s)
  Epoch  5/12: train=0.0101  focal_auc=0.9539  sc_auc=0.9532  comb_auc=0.9566  lr=7.08e-05  (91s) ★ BEST
  Epoch  6/12: train=0.0096  focal_auc=0.9544  sc_auc=0.9551  comb_auc=0.9573  lr=5.72e-05  (91s) ★ BEST
  Epoch  7/12: train=0.0094  focal_auc=0.9537  sc_auc=0.9515  comb_auc=0.9564  lr=4.29e-05  (91s)
  Epoch  8/12: train=0.0091  focal_auc=0.9543  sc_auc=0.9521  comb_auc=0.9570  lr=2.93e-05  (91s)
  Epoch  9/12: train=0.0090  focal_auc=0.9539  sc_auc=0.9448  comb_auc=0.9561  lr=1.73e-05  (90s)
  Epoch 10/12: train=0.0089  focal_auc=0.9536  sc_auc=0.9600  comb_auc=0.9566  lr=8.03e-06  (91s)
  Epoch 11/12: train=0.0088  focal_auc=0.9539  sc_auc=0.9641  comb_auc=0.9567  lr=2.12e-06  (91s)
  Epoch 12/12: train=0.0089  focal_auc=0.9539  sc_auc=0.9606  comb_auc=0.9568  lr=1.00e-07  (91s)

================================================================
Done: sed_finetune_pseudo_v2_seed2024_fold1
Best epoch: 6  |  best combined val AUC: 0.9573
Outputs: experiments/sed_finetune_pseudo_v2_seed2024_fold1
================================================================
