Seed: 2024
Device: cuda  (NVIDIA GeForce RTX 2060 with Max-Q Design)
  focal train: 28446  | soundscape train: 643
  focal val:   7103    | soundscape val:   96
  mixed epoch length: 28446  ratios=[0.7, 0.3]
Data: fold 4  classes=234
  ✓ Loaded experiments/seresnext_focal_fold4/best_model.pt
    224 tensors, 15,501,803 parameters, strict=True
  Loss: BCEWithLogitsLoss

================================================================
Fine-tune: seresnext_finetune_seed2024_fold4
================================================================

/home/gokhuu/miniconda3/envs/birdclef/lib/python3.11/site-packages/torch/optim/lr_scheduler.py:198: UserWarning: The epoch parameter in `scheduler.step()` was not necessary and is being deprecated where possible. Please use `scheduler.step()` to step the scheduler. During the deprecation, if epoch is different from None, the closed form is used instead of the new chainable form, where available. Please open an issue if you are unable to replicate your use case: https://github.com/pytorch/pytorch/issues/new/choose.
  warnings.warn(EPOCH_DEPRECATION_WARNING, UserWarning)
  Epoch  1/10: train=0.0353  focal_auc=0.9478  sc_auc=0.7262  comb_auc=0.9453  lr=1.00e-04  (145s) ★ BEST
  Epoch  2/10: train=0.0138  focal_auc=0.9457  sc_auc=0.8327  comb_auc=0.9367  lr=9.70e-05  (144s)
  Epoch  3/10: train=0.0115  focal_auc=0.9427  sc_auc=0.7696  comb_auc=0.9250  lr=8.83e-05  (144s)
  Epoch  4/10: train=0.0111  focal_auc=0.9463  sc_auc=0.7944  comb_auc=0.9374  lr=7.50e-05  (144s)
  Epoch  5/10: train=0.0105  focal_auc=0.9467  sc_auc=0.7974  comb_auc=0.9252  lr=5.87e-05  (145s)
  Epoch  6/10: train=0.0102  focal_auc=0.9493  sc_auc=0.7788  comb_auc=0.9344  lr=4.14e-05  (145s)
  Epoch  7/10: train=0.0097  focal_auc=0.9517  sc_auc=0.8317  comb_auc=0.9404  lr=2.51e-05  (145s)
  Epoch  8/10: train=0.0093  focal_auc=0.9531  sc_auc=0.8271  comb_auc=0.9434  lr=1.18e-05  (145s)
  Epoch  9/10: train=0.0090  focal_auc=0.9545  sc_auc=0.8183  comb_auc=0.9432  lr=3.11e-06  (144s)
  Epoch 10/10: train=0.0089  focal_auc=0.9547  sc_auc=0.8186  comb_auc=0.9422  lr=1.00e-07  (145s)

================================================================
Done: seresnext_finetune_seed2024_fold4
Best epoch: 1  |  best combined val AUC: 0.9453
Outputs: experiments/seresnext_finetune_seed2024_fold4
================================================================
