Device: cuda  (NVIDIA GeForce RTX 2060 with Max-Q Design)
  focal train: 28435  | soundscape train: 593
  focal val:   7114    | soundscape val:   146
  mixed epoch length: 28435  ratios=[0.7, 0.3]
Data: fold 1  classes=234
  ✓ Loaded experiments/seresnext_focal_fold1/best_model.pt
    224 tensors, 15,501,803 parameters, strict=True
  Loss: BCEWithLogitsLoss

================================================================
Fine-tune: seresnext_finetune_fold1
================================================================

/home/gokhuu/miniconda3/envs/birdclef/lib/python3.11/site-packages/torch/optim/lr_scheduler.py:198: UserWarning: The epoch parameter in `scheduler.step()` was not necessary and is being deprecated where possible. Please use `scheduler.step()` to step the scheduler. During the deprecation, if epoch is different from None, the closed form is used instead of the new chainable form, where available. Please open an issue if you are unable to replicate your use case: https://github.com/pytorch/pytorch/issues/new/choose.
  warnings.warn(EPOCH_DEPRECATION_WARNING, UserWarning)
  Epoch  1/10: train=0.0390  focal_auc=0.9425  sc_auc=0.8526  comb_auc=0.9428  lr=1.00e-04  (145s) ★ BEST
  Epoch  2/10: train=0.0136  focal_auc=0.9413  sc_auc=0.8860  comb_auc=0.9371  lr=9.70e-05  (144s)
  Epoch  3/10: train=0.0115  focal_auc=0.9408  sc_auc=0.9062  comb_auc=0.9353  lr=8.83e-05  (145s)
  Epoch  4/10: train=0.0110  focal_auc=0.9432  sc_auc=0.8791  comb_auc=0.9311  lr=7.50e-05  (145s)
  Epoch  5/10: train=0.0105  focal_auc=0.9470  sc_auc=0.8977  comb_auc=0.9356  lr=5.87e-05  (145s)
  Epoch  6/10: train=0.0101  focal_auc=0.9462  sc_auc=0.8829  comb_auc=0.9333  lr=4.14e-05  (145s)
  Epoch  7/10: train=0.0096  focal_auc=0.9502  sc_auc=0.8886  comb_auc=0.9415  lr=2.51e-05  (145s)
  Epoch  8/10: train=0.0092  focal_auc=0.9506  sc_auc=0.8927  comb_auc=0.9434  lr=1.18e-05  (145s) ★ BEST
  Epoch  9/10: train=0.0091  focal_auc=0.9525  sc_auc=0.8877  comb_auc=0.9432  lr=3.11e-06  (145s)
  Epoch 10/10: train=0.0090  focal_auc=0.9534  sc_auc=0.8938  comb_auc=0.9444  lr=1.00e-07  (144s) ★ BEST

================================================================
Done: seresnext_finetune_fold1
Best epoch: 10  |  best combined val AUC: 0.9444
Outputs: experiments/seresnext_finetune_fold1
================================================================
