Seed: 2024
Device: cuda  (NVIDIA GeForce RTX 2060 with Max-Q Design)
  focal train: 28431  | soundscape train: 581
  focal val:   7118    | soundscape val:   158
  mixed epoch length: 28431  ratios=[0.7, 0.3]
Data: fold 0  classes=234
  ✓ Loaded experiments/seresnext_focal_fold0/best_model.pt
    224 tensors, 15,501,803 parameters, strict=True
  Loss: BCEWithLogitsLoss

================================================================
Fine-tune: seresnext_finetune_seed2024_fold0
================================================================

/home/gokhuu/miniconda3/envs/birdclef/lib/python3.11/site-packages/torch/optim/lr_scheduler.py:198: UserWarning: The epoch parameter in `scheduler.step()` was not necessary and is being deprecated where possible. Please use `scheduler.step()` to step the scheduler. During the deprecation, if epoch is different from None, the closed form is used instead of the new chainable form, where available. Please open an issue if you are unable to replicate your use case: https://github.com/pytorch/pytorch/issues/new/choose.
  warnings.warn(EPOCH_DEPRECATION_WARNING, UserWarning)
  Epoch  1/10: train=0.0401  focal_auc=0.9309  sc_auc=0.7384  comb_auc=0.9334  lr=1.00e-04  (145s) ★ BEST
  Epoch  2/10: train=0.0137  focal_auc=0.9328  sc_auc=0.8101  comb_auc=0.9321  lr=9.70e-05  (144s)
  Epoch  3/10: train=0.0115  focal_auc=0.9294  sc_auc=0.8098  comb_auc=0.9274  lr=8.83e-05  (144s)
  Epoch  4/10: train=0.0109  focal_auc=0.9362  sc_auc=0.8221  comb_auc=0.9332  lr=7.50e-05  (144s)
  Epoch  5/10: train=0.0106  focal_auc=0.9383  sc_auc=0.8178  comb_auc=0.9375  lr=5.87e-05  (144s) ★ BEST
  Epoch  6/10: train=0.0102  focal_auc=0.9358  sc_auc=0.8194  comb_auc=0.9351  lr=4.14e-05  (144s)
  Epoch  7/10: train=0.0098  focal_auc=0.9405  sc_auc=0.8190  comb_auc=0.9379  lr=2.51e-05  (144s) ★ BEST
  Epoch  8/10: train=0.0094  focal_auc=0.9431  sc_auc=0.8312  comb_auc=0.9399  lr=1.18e-05  (144s) ★ BEST
  Epoch  9/10: train=0.0091  focal_auc=0.9426  sc_auc=0.8189  comb_auc=0.9404  lr=3.11e-06  (144s) ★ BEST
  Epoch 10/10: train=0.0089  focal_auc=0.9425  sc_auc=0.8224  comb_auc=0.9403  lr=1.00e-07  (144s)

================================================================
Done: seresnext_finetune_seed2024_fold0
Best epoch: 9  |  best combined val AUC: 0.9404
Outputs: experiments/seresnext_finetune_seed2024_fold0
================================================================
