Warning: You are sending unauthenticated requests to the HF Hub. Please set a HF_TOKEN to enable higher rate limits and faster downloads.
Device: cuda  (NVIDIA GeForce RTX 2060 with Max-Q Design)
Data: fold 4 — 28446 train, 7103 val, 234 classes
Model: seresnext26d_32x4d  params=15,501,803
  Loss: BCEWithLogitsLoss

============================================================
Training: seresnext_focal_fold4
============================================================

/home/gokhuu/miniconda3/envs/birdclef/lib/python3.11/site-packages/torch/optim/lr_scheduler.py:198: UserWarning: The epoch parameter in `scheduler.step()` was not necessary and is being deprecated where possible. Please use `scheduler.step()` to step the scheduler. During the deprecation, if epoch is different from None, the closed form is used instead of the new chainable form, where available. Please open an issue if you are unable to replicate your use case: https://github.com/pytorch/pytorch/issues/new/choose.
  warnings.warn(EPOCH_DEPRECATION_WARNING, UserWarning)
  Epoch  1/20: train_loss=0.3271  val_loss=0.0429  val_auc=0.5089  lr=1.00e-04  (143s) ★ BEST
  Epoch  2/20: train_loss=0.0310  val_loss=0.0266  val_auc=0.7446  lr=9.93e-05  (142s) ★ BEST
  Epoch  3/20: train_loss=0.0270  val_loss=0.0227  val_auc=0.8459  lr=9.73e-05  (141s) ★ BEST
  Epoch  4/20: train_loss=0.0239  val_loss=0.0200  val_auc=0.8854  lr=9.40e-05  (140s) ★ BEST
  Epoch  5/20: train_loss=0.0218  val_loss=0.0183  val_auc=0.9090  lr=8.95e-05  (141s) ★ BEST
  Epoch  6/20: train_loss=0.0202  val_loss=0.0170  val_auc=0.9220  lr=8.39e-05  (140s) ★ BEST
  Epoch  7/20: train_loss=0.0192  val_loss=0.0163  val_auc=0.9270  lr=7.74e-05  (140s) ★ BEST
  Epoch  8/20: train_loss=0.0182  val_loss=0.0156  val_auc=0.9331  lr=7.01e-05  (142s) ★ BEST
  Epoch  9/20: train_loss=0.0175  val_loss=0.0150  val_auc=0.9346  lr=6.23e-05  (142s) ★ BEST
  Epoch 10/20: train_loss=0.0169  val_loss=0.0147  val_auc=0.9400  lr=5.42e-05  (142s) ★ BEST
  Epoch 11/20: train_loss=0.0162  val_loss=0.0144  val_auc=0.9444  lr=4.59e-05  (141s) ★ BEST
  Epoch 12/20: train_loss=0.0157  val_loss=0.0139  val_auc=0.9453  lr=3.78e-05  (140s) ★ BEST
  Epoch 13/20: train_loss=0.0151  val_loss=0.0139  val_auc=0.9476  lr=3.00e-05  (127s) ★ BEST
  Epoch 14/20: train_loss=0.0148  val_loss=0.0137  val_auc=0.9488  lr=2.27e-05  (127s) ★ BEST
  Epoch 15/20: train_loss=0.0144  val_loss=0.0135  val_auc=0.9510  lr=1.62e-05  (127s) ★ BEST
  Epoch 16/20: train_loss=0.0140  val_loss=0.0134  val_auc=0.9522  lr=1.06e-05  (131s) ★ BEST
  Epoch 17/20: train_loss=0.0139  val_loss=0.0133  val_auc=0.9524  lr=6.12e-06  (128s) ★ BEST
  Epoch 18/20: train_loss=0.0137  val_loss=0.0132  val_auc=0.9532  lr=2.81e-06  (127s) ★ BEST
  Epoch 19/20: train_loss=0.0136  val_loss=0.0132  val_auc=0.9533  lr=7.81e-07  (127s) ★ BEST
  Epoch 20/20: train_loss=0.0135  val_loss=0.0132  val_auc=0.9535  lr=1.00e-07  (127s) ★ BEST

============================================================
Done: seresnext_focal_fold4
Best epoch: 20  |  Best validation AUC: 0.9535
Outputs saved to: experiments/seresnext_focal_fold4
============================================================
